// Jest Snapshot v1, https://goo.gl/fbAQLP

exports[`Header component renders Header 1`] = `
<header
  className="Header"
>
  <nav>
    <Link
      to="/red"
    >
      Red
    </Link>
    <Link
      to="/blue"
    >
      Blue
    </Link>
    <Link
      to="/yellow"
    >
      Yellow
    </Link>
  </nav>
</header>
`;
