// Jest Snapshot v1, https://goo.gl/fbAQLP

exports[`Red component renders Red 1`] = `
<div
  style={
    Object {
      "backgroundColor": "red",
      "height": "100vh",
      "width": "100vw",
    }
  }
/>
`;
