// Jest Snapshot v1, https://goo.gl/fbAQLP

exports[`Yellow component renders Yellow 1`] = `
<div
  style={
    Object {
      "backgroundColor": "yellow",
      "height": "100vh",
      "width": "100vw",
    }
  }
/>
`;
